
> frontend-expenss@0.0.0 test
> ng test

[33mΓ¥»[39m Building...
[32mΓ£ö[39m Building...
[1mInitial chunk files[22m                                            [2m | [22m[1mNames[22m                                                       [2m | [22m [1mRaw size[22m
[32mspec-app-home-home.component.js[39m                                [2m | [22m[2mspec-app-home-home.component[22m                                [2m | [22m [36m62.89 kB[39m[2m | [22m
[32mspec-app-auth-signup-signup.component.js[39m                       [2m | [22m[2mspec-app-auth-signup-signup.component[22m                       [2m | [22m [36m40.84 kB[39m[2m | [22m
[32mspec-app-home-components-how-it-works-how-it-works.component.js[39m[2m | [22m[2mspec-app-home-components-how-it-works-how-it-works.component[22m[2m | [22m [36m39.00 kB[39m[2m | [22m
[32mspec-app-auth-login-login.component.js[39m                         [2m | [22m[2mspec-app-auth-login-login.component[22m                         [2m | [22m [36m23.79 kB[39m[2m | [22m
[32mchunk-U5QO4W64.js[39m                                              [2m | [22m[2m-[22m                                                           [2m | [22m  [36m4.79 kB[39m[2m | [22m
[32mchunk-XSBKSMMC.js[39m                                              [2m | [22m[2m-[22m                                                           [2m | [22m  [36m4.67 kB[39m[2m | [22m
[32mspec-app-app.js[39m                                                [2m | [22m[2mspec-app-app[22m                                                [2m | [22m  [36m1.71 kB[39m[2m | [22m
[32mstyles.css[39m                                                     [2m | [22m[2mstyles[22m                                                      [2m | [22m  [36m1.34 kB[39m[2m | [22m
[32minit-testbed.js[39m                                                [2m | [22m[2minit-testbed[22m                                                [2m | [22m  [36m1.21 kB[39m[2m | [22m
[32mvitest-mock-patch.js[39m                                           [2m | [22m[2mvitest-mock-patch[22m                                           [2m | [22m[36m969 bytes[39m[2m | [22m
[32mchunk-42CTFHJF.js[39m                                              [2m | [22m[2m-[22m                                                           [2m | [22m[36m916 bytes[39m[2m | [22m
[32mspec-app-home-components-authlayout-authlayout.component.js[39m    [2m | [22m[2mspec-app-home-components-authlayout-authlayout.component[22m    [2m | [22m[36m804 bytes[39m[2m | [22m
[32mspec-app-auth-auth.service.js[39m                                  [2m | [22m[2mspec-app-auth-auth.service[22m                                  [2m | [22m[36m453 bytes[39m[2m | [22m

[1m [22m                                                              [2m | [22m[1mInitial total[22m                                               [2m | [22m[1m183.40 kB[22m

Application bundle generation complete. [2.105 seconds] - 2026-05-19T13:35:17.274Z


[1m[30m[46m RUN [49m[39m[22m [36mv4.1.6 [39m[90mC:/Users/kenkzuha/code/expenss/frontend-expenss[39m


[2m Test Files [22m [1m[32m7 passed[39m[22m[90m (7)[39m
[2m      Tests [22m [1m[32m7 passed[39m[22m[90m (7)[39m
[2m   Start at [22m 22:35:17
[2m   Duration [22m 2.92s[2m (transform 1.72s, setup 4.10s, import 2.54s, tests 953ms, environment 7.78s)[22m

